>>> matrix_divided = __import__('2-matrix_divided').matrix_divided
>>> matrix_divided([[1, 2, 3], [4, 5, 6]], 3)
[[0.33, 0.67, 1.0], [1.33, 1.67, 2.0]]
>>> matrix_divided([[1, 2], [3, 4]], 0)
Traceback (most recent call last):
  ...
ZeroDivisionError: division by zero
>>> matrix_divided([[1, 2, 3], [4, 5, 6]], "three")
Traceback (most recent call last):
  ...
TypeError: div must be a number
>>> matrix_divided([[1, 2, 3], [4, "five", 6]], 3)
Traceback (most recent call last):
  ...
TypeError: m_a should contain only integers or floats
>>> matrix_divided([[1, 2, 3], [4, 5, 6], [7, 8, 9]], 2)
Traceback (most recent call last):
  ...
TypeError: each row of m_a must have the same size
